%!Adobe-FontList 1.20
%Locale:0x416

%BeginFont
Handler:DirectoryHandler
FontType:TrueType
FontName:ArialMT
FamilyName:Arial
StyleName:Regular
FullName:Arial
MenuName:Arial
StyleBits:0
WritingScript:Roman
OutlineFileName:C:\Users\Jefferson Paulo\Documents\mobiliza escoteiros\coletanea\coletânea livros\FINAL FINAL\Pasta livro_mobilizacao_FINAL_FINAL\Document fonts\arial.ttf
DataFormat:sfntData
hasSVG:no
VariableFontType:NonVariableFont
FileLength:1036584
FileModTime:1523493248
WeightClass:400
WidthClass:5
AngleClass:0
NameArray:0,Mac,4,Arial
NameArray:0,Win,1,Arial
%EndFont

%BeginFont
Handler:DirectoryHandler
FontType:TrueType
FontName:Arial-BoldMT
FamilyName:Arial
StyleName:Bold
FullName:Arial Bold
MenuName:Arial
StyleBits:2
WritingScript:Roman
OutlineFileName:C:\Users\Jefferson Paulo\Documents\mobiliza escoteiros\coletanea\coletânea livros\FINAL FINAL\Pasta livro_mobilizacao_FINAL_FINAL\Document fonts\arialbd.ttf
DataFormat:sfntData
hasSVG:no
VariableFontType:NonVariableFont
FileLength:980756
FileModTime:1523493248
WeightClass:700
WidthClass:5
AngleClass:0
NameArray:0,Mac,4,Arial Bold
NameArray:0,Win,1,Arial
%EndFont

%BeginFont
Handler:DirectoryHandler
FontType:TrueType
FontName:Arial-ItalicMT
FamilyName:Arial
StyleName:Italic
FullName:Arial Italic
MenuName:Arial
StyleBits:1
WritingScript:Roman
OutlineFileName:C:\Users\Jefferson Paulo\Documents\mobiliza escoteiros\coletanea\coletânea livros\FINAL FINAL\Pasta livro_mobilizacao_FINAL_FINAL\Document fonts\ariali.ttf
DataFormat:sfntData
hasSVG:no
VariableFontType:NonVariableFont
FileLength:717428
FileModTime:1523493248
WeightClass:400
WidthClass:5
AngleClass:1
NameArray:0,Mac,4,Arial Italic
NameArray:0,Win,1,Arial
%EndFont

%BeginFont
Handler:DirectoryHandler
FontType:TrueType
FontName:BebasNeueLight
FamilyName:Bebas Neue
StyleName:Light
FullName:Bebas Neue Light
MenuName:Bebas Neue Light
StyleBits:0
WritingScript:Roman
OutlineFileName:C:\Users\Jefferson Paulo\Documents\mobiliza escoteiros\coletanea\coletânea livros\FINAL FINAL\Pasta livro_mobilizacao_FINAL_FINAL\Document fonts\BebasNeue Light.ttf
DataFormat:sfntData
hasSVG:no
VariableFontType:NonVariableFont
FileLength:130524
FileModTime:1390016708
WeightClass:300
WidthClass:5
AngleClass:0
NameArray:0,Mac,4,Bebas Neue Light
NameArray:0,Win,1,Bebas Neue Light
NameArray:0,Win,16,Bebas Neue
%EndFont

%BeginFont
Handler:DirectoryHandler
FontType:Type1
FontName:BebasNeue
FamilyName:Bebas Neue
StyleName:Regular
FullName:Bebas Neue
MenuName:Bebas Neue
StyleBits:0
WritingScript:Roman
OutlineFileName:C:\Users\Jefferson Paulo\Documents\mobiliza escoteiros\coletanea\coletânea livros\FINAL FINAL\Pasta livro_mobilizacao_FINAL_FINAL\Document fonts\BebasNeue.otf
DataFormat:sfntData
UsesStandardEncoding:yes
isCFF:yes
hasSVG:no
VariableFontType:NonVariableFont
FileLength:45572
FileModTime:1330520760
WeightClass:400
WidthClass:5
AngleClass:0
NameArray:0,Mac,4,Bebas Neue
NameArray:0,Win,1,Bebas Neue
%EndFont

%BeginFont
Handler:DirectoryHandler
FontType:Type1
FontName:Cupcakia
FamilyName:Cupcakia
StyleName:Regular
FullName:Cupcakia
MenuName:Cupcakia
StyleBits:0
WritingScript:Roman
OutlineFileName:C:\Users\Jefferson Paulo\Documents\mobiliza escoteiros\coletanea\coletânea livros\FINAL FINAL\Pasta livro_mobilizacao_FINAL_FINAL\Document fonts\Cupcakia.otf
DataFormat:sfntData
UsesStandardEncoding:yes
isCFF:yes
hasSVG:no
VariableFontType:NonVariableFont
FileLength:76520
FileModTime:1516961380
WeightClass:400
WidthClass:5
AngleClass:0
NameArray:0,Mac,4,Cupcakia
NameArray:0,Win,1,Cupcakia
%EndFont

%BeginFont
Handler:DirectoryHandler
FontType:TrueType
FontName:PlayfairDisplay-Bold
FamilyName:Playfair Display
StyleName:Bold
FullName:Playfair Display Bold
MenuName:Playfair Display
StyleBits:2
WritingScript:Roman
OutlineFileName:C:\Users\Jefferson Paulo\Documents\mobiliza escoteiros\coletanea\coletânea livros\FINAL FINAL\Pasta livro_mobilizacao_FINAL_FINAL\Document fonts\PlayfairDisplay-Bold.ttf
DataFormat:sfntData
hasSVG:no
VariableFontType:NonVariableFont
FileLength:213592
FileModTime:1321408800
WeightClass:700
WidthClass:5
AngleClass:0
NameArray:0,Mac,4,Playfair Display Bold
NameArray:0,Win,1,Playfair Display
%EndFont

%BeginFont
Handler:DirectoryHandler
FontType:TrueType
FontName:PlayfairDisplay-BoldItalic
FamilyName:Playfair Display
StyleName:Bold Italic
FullName:Playfair Display Bold Italic
MenuName:Playfair Display
StyleBits:3
WritingScript:Roman
OutlineFileName:C:\Users\Jefferson Paulo\Documents\mobiliza escoteiros\coletanea\coletânea livros\FINAL FINAL\Pasta livro_mobilizacao_FINAL_FINAL\Document fonts\PlayfairDisplay-BoldItalic.ttf
DataFormat:sfntData
hasSVG:no
VariableFontType:NonVariableFont
FileLength:215008
FileModTime:1321408800
WeightClass:700
WidthClass:5
AngleClass:1
NameArray:0,Mac,4,Playfair Display Bold Italic
NameArray:0,Win,1,Playfair Display
%EndFont

%BeginFont
Handler:DirectoryHandler
FontType:TrueType
FontName:PlayfairDisplay-Italic
FamilyName:Playfair Display
StyleName:Italic
FullName:Playfair Display Italic
MenuName:Playfair Display
StyleBits:1
WritingScript:Roman
OutlineFileName:C:\Users\Jefferson Paulo\Documents\mobiliza escoteiros\coletanea\coletânea livros\FINAL FINAL\Pasta livro_mobilizacao_FINAL_FINAL\Document fonts\PlayfairDisplay-Italic.ttf
DataFormat:sfntData
hasSVG:no
VariableFontType:NonVariableFont
FileLength:213028
FileModTime:1321408800
WeightClass:400
WidthClass:5
AngleClass:1
NameArray:0,Mac,4,Playfair Display Italic
NameArray:0,Win,1,Playfair Display
%EndFont

%BeginFont
Handler:DirectoryHandler
FontType:TrueType
FontName:PlayfairDisplay-Regular
FamilyName:Playfair Display
StyleName:Regular
FullName:Playfair Display Regular
MenuName:Playfair Display
StyleBits:0
WritingScript:Roman
OutlineFileName:C:\Users\Jefferson Paulo\Documents\mobiliza escoteiros\coletanea\coletânea livros\FINAL FINAL\Pasta livro_mobilizacao_FINAL_FINAL\Document fonts\PlayfairDisplay-Regular.ttf
DataFormat:sfntData
hasSVG:no
VariableFontType:NonVariableFont
FileLength:210208
FileModTime:1321408800
WeightClass:400
WidthClass:5
AngleClass:0
NameArray:0,Mac,4,Playfair Display Regular
NameArray:0,Win,1,Playfair Display
%EndFont

%BeginFont
Handler:DirectoryHandler
FontType:Type1
FontName:ThirstySoftRegular-Bold
FamilyName:Thirsty Soft
StyleName:Bold
FullName:Thirsty Soft Regular Bold
MenuName:Thirsty Soft Regular
StyleBits:2
WritingScript:Roman
OutlineFileName:C:\Users\Jefferson Paulo\Documents\mobiliza escoteiros\coletanea\coletânea livros\FINAL FINAL\Pasta livro_mobilizacao_FINAL_FINAL\Document fonts\Yellow Design Studio - Thirsty Soft Regular Bold.otf
DataFormat:sfntData
UsesStandardEncoding:yes
isCFF:yes
hasSVG:no
VariableFontType:NonVariableFont
FileLength:161224
FileModTime:1427329516
WeightClass:700
WidthClass:5
AngleClass:0
NameArray:0,Mac,4,Thirsty Soft Regular Bold
NameArray:0,Win,1,Thirsty Soft Regular
NameArray:0,Win,16,Thirsty Soft
%EndFont

